#-----------------------------------------------------------
# Vivado v2024.2 (64-bit)
# SW Build 5239630 on Fri Nov 08 22:35:27 MST 2024
# IP Build 5239520 on Sun Nov 10 16:12:51 MST 2024
# SharedData Build 5239561 on Fri Nov 08 14:39:27 MST 2024
# Start of session at: Thu Jul 17 15:47:36 2025
# Process ID         : 103632
# Current directory  : C:/FPGA_stuff/ChesapeakeArchitecture/riscv_core/vivado_proj/riscv_core_v1.runs/impl_1
# Command line       : vivado.exe -log toplevel_v1.vdi -applog -product Vivado -messageDb vivado.pb -mode batch -source toplevel_v1.tcl -notrace
# Log file           : C:/FPGA_stuff/ChesapeakeArchitecture/riscv_core/vivado_proj/riscv_core_v1.runs/impl_1/toplevel_v1.vdi
# Journal file       : C:/FPGA_stuff/ChesapeakeArchitecture/riscv_core/vivado_proj/riscv_core_v1.runs/impl_1\vivado.jou
# Running On         : GIGA_LAPTOP
# Platform           : Windows Server 2016 or Windows 10
# Operating System   : 26100
# Processor Detail   : AMD Ryzen 9 7940HS w/ Radeon 780M Graphics     
# CPU Frequency      : 3993 MHz
# CPU Physical cores : 8
# CPU Logical cores  : 16
# Host memory        : 33518 MB
# Swap memory        : 16106 MB
# Total Virtual      : 49624 MB
# Available Virtual  : 18496 MB
#-----------------------------------------------------------
source toplevel_v1.tcl -notrace
